// Jest Snapshot v1, https://goo.gl/fbAQLP

exports[`Embed block edit URL keeps the previous URL if an invalid URL is set 1`] = `
"<!-- wp:embed {\\"url\\":\\"https://twitter.com/notnownikki\\",\\"type\\":\\"rich\\",\\"providerNameSlug\\":\\"twitter\\",\\"responsive\\":true} -->
<figure class=\\"wp-block-embed is-type-rich is-provider-twitter wp-block-embed-twitter\\"><div class=\\"wp-block-embed__wrapper\\">
https://twitter.com/notnownikki
</div></figure>
<!-- /wp:embed -->"
`;

exports[`Embed block edit URL keeps the previous URL if no URL is set 1`] = `
"<!-- wp:embed {\\"url\\":\\"https://twitter.com/notnownikki\\",\\"type\\":\\"rich\\",\\"providerNameSlug\\":\\"twitter\\",\\"responsive\\":true} -->
<figure class=\\"wp-block-embed is-type-rich is-provider-twitter wp-block-embed-twitter\\"><div class=\\"wp-block-embed__wrapper\\">
https://twitter.com/notnownikki
</div></figure>
<!-- /wp:embed -->"
`;

exports[`Embed block edit URL replaces URL 1`] = `
"<!-- wp:embed {\\"url\\":\\"https://www.youtube.com/watch?v=lXMskKTw3Bc\\",\\"type\\":\\"video\\",\\"providerNameSlug\\":\\"youtube\\",\\"responsive\\":true,\\"className\\":\\"wp-embed-aspect-16-9 wp-has-aspect-ratio\\"} -->
<figure class=\\"wp-block-embed is-type-video is-provider-youtube wp-block-embed-youtube wp-embed-aspect-16-9 wp-has-aspect-ratio\\"><div class=\\"wp-block-embed__wrapper\\">
https://www.youtube.com/watch?v=lXMskKTw3Bc
</div></figure>
<!-- /wp:embed -->"
`;

exports[`Embed block insertion inserts Twitter embed block 1`] = `"<!-- wp:embed {\\"providerNameSlug\\":\\"twitter\\",\\"responsive\\":true} /-->"`;

exports[`Embed block insertion inserts Vimeo embed block 1`] = `"<!-- wp:embed {\\"providerNameSlug\\":\\"vimeo\\",\\"responsive\\":true} /-->"`;

exports[`Embed block insertion inserts WordPress embed block 1`] = `"<!-- wp:embed {\\"providerNameSlug\\":\\"wordpress\\"} /-->"`;

exports[`Embed block insertion inserts YouTube embed block 1`] = `"<!-- wp:embed {\\"providerNameSlug\\":\\"youtube\\",\\"responsive\\":true} /-->"`;

exports[`Embed block insertion inserts generic embed block 1`] = `"<!-- wp:embed /-->"`;

exports[`Embed block set URL upon block insertion auto-pastes the URL from clipboard 1`] = `
"<!-- wp:embed {\\"url\\":\\"https://twitter.com/notnownikki\\",\\"type\\":\\"rich\\",\\"providerNameSlug\\":\\"twitter\\",\\"responsive\\":true} -->
<figure class=\\"wp-block-embed is-type-rich is-provider-twitter wp-block-embed-twitter\\"><div class=\\"wp-block-embed__wrapper\\">
https://twitter.com/notnownikki
</div></figure>
<!-- /wp:embed -->"
`;

exports[`Embed block set URL upon block insertion sets a valid URL when dismissing edit URL modal 1`] = `
"<!-- wp:embed {\\"url\\":\\"https://twitter.com/notnownikki\\",\\"type\\":\\"rich\\",\\"providerNameSlug\\":\\"twitter\\",\\"responsive\\":true} -->
<figure class=\\"wp-block-embed is-type-rich is-provider-twitter wp-block-embed-twitter\\"><div class=\\"wp-block-embed__wrapper\\">
https://twitter.com/notnownikki
</div></figure>
<!-- /wp:embed -->"
`;

exports[`Embed block set URL upon block insertion sets empty URL when dismissing edit URL modal 1`] = `"<!-- wp:embed {\\"url\\":\\"\\"} /-->"`;

exports[`Embed block set URL when empty block auto-pastes the URL from clipboard 1`] = `
"<!-- wp:embed {\\"url\\":\\"https://twitter.com/notnownikki\\",\\"type\\":\\"rich\\",\\"providerNameSlug\\":\\"twitter\\",\\"responsive\\":true} -->
<figure class=\\"wp-block-embed is-type-rich is-provider-twitter wp-block-embed-twitter\\"><div class=\\"wp-block-embed__wrapper\\">
https://twitter.com/notnownikki
</div></figure>
<!-- /wp:embed -->"
`;

exports[`Embed block set URL when empty block sets a valid URL when dismissing edit URL modal 1`] = `
"<!-- wp:embed {\\"url\\":\\"https://twitter.com/notnownikki\\",\\"type\\":\\"rich\\",\\"providerNameSlug\\":\\"twitter\\",\\"responsive\\":true} -->
<figure class=\\"wp-block-embed is-type-rich is-provider-twitter wp-block-embed-twitter\\"><div class=\\"wp-block-embed__wrapper\\">
https://twitter.com/notnownikki
</div></figure>
<!-- /wp:embed -->"
`;

exports[`Embed block set URL when empty block sets empty URL when dismissing edit URL modal 1`] = `"<!-- wp:embed {\\"url\\":\\"\\"} /-->"`;
